// Jest Snapshot v1, https://goo.gl/fbAQLP

exports[`matches default snap 1`] = `[Function]`;

exports[`renders a start icon 1`] = `[Function]`;

exports[`renders an end icon 1`] = `[Function]`;
